[2025-06-01 12:35:17] ✅ SUCCÈS Fichier de configuration chargé avec succès.
[2025-06-01 12:35:17] ℹ️ INFO 🔁 Démarrage d’un nouveau cycle d’analyse DeFiPilot
[2025-06-01 12:36:34] ✅ SUCCÈS Fichier de configuration chargé avec succès.
[2025-06-01 12:36:34] ℹ️ INFO 🔁 Démarrage d’un nouveau cycle d’analyse DeFiPilot
[2025-06-01 12:36:34] ℹ️ INFO 🏗 Profil actif : modere (APR 0.3, TVL 0.7)
[2025-06-01 12:36:34] ℹ️ INFO 🧪 Mode Dryrun : récupération des pools via DefiLlama
[2025-06-01 12:36:34] 🛑 ERREUR Échec de récupération des pools : module 'defi_sources.defillama' has no attribute 'recuperer_pools'
[2025-06-01 12:37:37] ✅ SUCCÈS Fichier de configuration chargé avec succès.
[2025-06-01 12:37:37] ℹ️ INFO 🔁 Démarrage d’un nouveau cycle d’analyse DeFiPilot
[2025-06-01 12:37:37] ℹ️ INFO 🏗 Profil actif : modere (APR 0.3, TVL 0.7)
[2025-06-01 12:37:37] ℹ️ INFO 🧪 Mode Dryrun : récupération des pools via DefiLlama
[2025-06-01 12:37:37] ✅ SUCCÈS 4 pools récupérées avec succès.
[2025-06-01 12:37:37] ℹ️ INFO 🛑 0 pool(s) ignorée(s) car blacklistée(s).
[2025-06-01 12:37:37] ℹ️ INFO 📊 Calcul des scores (profil pondéré) :
[2025-06-01 12:38:46] ✅ SUCCÈS Fichier de configuration chargé avec succès.
[2025-06-01 12:38:46] ℹ️ INFO 🔁 Démarrage d’un nouveau cycle d’analyse DeFiPilot
[2025-06-01 12:38:46] ℹ️ INFO 🏗 Profil actif : modere (APR 0.3, TVL 0.7)
[2025-06-01 12:38:46] ℹ️ INFO 🧪 Mode Dryrun : récupération des pools via DefiLlama
[2025-06-01 12:38:46] ✅ SUCCÈS 4 pools récupérées avec succès.
[2025-06-01 12:38:46] ℹ️ INFO 🛑 0 pool(s) ignorée(s) car blacklistée(s).
[2025-06-01 12:38:46] ℹ️ INFO 📊 Calcul des scores (profil pondéré) :
[2025-06-01 12:38:46] ✅ SUCCÈS TOP 1 : spectra-v2 | STUSD | TVL $132,448.0 | APR 54046.60% | Score 108927.58
[2025-06-01 12:38:46] ℹ️ INFO ✅ Pool sélectionnée pour un investissement (simulation)
[2025-06-01 12:38:46] ✅ SUCCÈS TOP 2 : beefy | NOICE-WETH | TVL $30,528.0 | APR 138013.21% | Score 62773.56
[2025-06-01 12:38:46] ℹ️ INFO ✅ Pool sélectionnée pour un investissement (simulation)
[2025-06-01 12:38:46] ✅ SUCCÈS TOP 3 : berapaw | BULLISHV2 | TVL $28,784.0 | APR 28862.79% | Score 28807.64
[2025-06-01 12:38:46] ℹ️ INFO ✅ Pool sélectionnée pour un investissement (simulation)
[2025-06-01 12:38:46] ✅ SUCCÈS 💾 Données TOP 3 enregistrées dans resultats_top3.json
[2025-06-01 12:38:46] ✅ SUCCÈS 📈 Historique mis à jour dans historique_cycles.csv
[2025-06-01 12:38:46] ℹ️ INFO ✅ Fin du cycle d’analyse DeFiPilot.
[2025-06-01 12:40:58] ✅ SUCCÈS Fichier de configuration chargé avec succès.
[2025-06-01 12:40:58] ℹ️ INFO 🔁 Démarrage d’un nouveau cycle d’analyse DeFiPilot
[2025-06-01 12:40:58] ℹ️ INFO 🏗 Profil actif : modere (APR 0.3, TVL 0.7)
[2025-06-01 12:40:58] ℹ️ INFO 🧪 Mode Dryrun : récupération des pools via DefiLlama
[2025-06-01 12:40:58] ✅ SUCCÈS 4 pools récupérées avec succès.
[2025-06-01 12:40:58] ℹ️ INFO 🛑 0 pool(s) ignorée(s) car blacklistée(s).
[2025-06-01 12:40:58] ℹ️ INFO 📊 Calcul des scores (profil pondéré) :
[2025-06-01 12:40:58] ✅ SUCCÈS TOP 1 : spectra-v2 | STUSD | TVL $132,448.0 | APR 54046.60% | Score 108927.58
[2025-06-01 12:40:58] ℹ️ INFO ✅ Pool sélectionnée pour un investissement (simulation)
[2025-06-01 12:40:58] ✅ SUCCÈS TOP 2 : beefy | NOICE-WETH | TVL $30,528.0 | APR 138013.21% | Score 62773.56
[2025-06-01 12:40:58] ℹ️ INFO ✅ Pool sélectionnée pour un investissement (simulation)
[2025-06-01 12:40:58] ✅ SUCCÈS TOP 3 : berapaw | BULLISHV2 | TVL $28,784.0 | APR 28862.79% | Score 28807.64
[2025-06-01 12:40:58] ℹ️ INFO ✅ Pool sélectionnée pour un investissement (simulation)
[2025-06-01 12:40:58] ✅ SUCCÈS 💾 Données TOP 3 enregistrées dans resultats_top3.json
[2025-06-01 12:40:58] ✅ SUCCÈS 📈 Historique mis à jour dans historique_cycles.csv
[2025-06-01 12:40:58] ℹ️ INFO 📄 Résumé du cycle :
[2025-06-01 12:40:58] ℹ️ INFO - Pools analysées : 4
[2025-06-01 12:40:58] ℹ️ INFO - Pools sélectionnées : 3
[2025-06-01 12:40:58] ℹ️ INFO - Meilleure pool : spectra-v2 | STUSD | Score 108927.58
[2025-06-01 12:40:58] ℹ️ INFO - Durée du cycle : 0.02 secondes
[2025-06-01 12:40:58] ℹ️ INFO ✅ Fin du cycle d’analyse DeFiPilot.
[2025-06-01 12:43:57] ✅ SUCCÈS Fichier de configuration chargé avec succès.
[2025-06-01 12:43:57] ℹ️ INFO 🔁 Démarrage d’un nouveau cycle d’analyse DeFiPilot
[2025-06-01 12:43:57] ℹ️ INFO 🏗 Profil actif : modéré (APR 0.3, TVL 0.7)
[2025-06-01 12:43:57] ℹ️ INFO 🧪 Mode Dryrun : récupération des pools via DefiLlama
[2025-06-01 12:43:57] ✅ SUCCÈS 4 pools récupérées avec succès.
[2025-06-01 12:43:57] ℹ️ INFO 🛑 0 pool(s) ignorée(s) car blacklistée(s).
[2025-06-01 12:43:57] ℹ️ INFO 🧹 Après filtres TVL ≥ 10000 et APR ≥ 10 : 3 pool(s) restante(s)
[2025-06-01 12:43:57] ℹ️ INFO 📊 Calcul des scores (profil pondéré) :
[2025-06-01 12:43:57] ✅ SUCCÈS TOP 1 : spectra-v2 | STUSD | TVL $132,448.0 | APR 54046.60% | Score 108927.58
[2025-06-01 12:43:57] ℹ️ INFO ✅ Pool sélectionnée pour un investissement (simulation)
[2025-06-01 12:43:57] ✅ SUCCÈS TOP 2 : beefy | NOICE-WETH | TVL $30,528.0 | APR 138013.21% | Score 62773.56
[2025-06-01 12:43:57] ℹ️ INFO ✅ Pool sélectionnée pour un investissement (simulation)
[2025-06-01 12:43:57] ✅ SUCCÈS TOP 3 : berapaw | BULLISHV2 | TVL $28,784.0 | APR 28862.79% | Score 28807.64
[2025-06-01 12:43:57] ℹ️ INFO ✅ Pool sélectionnée pour un investissement (simulation)
[2025-06-01 12:43:57] ✅ SUCCÈS 💾 Données TOP 3 enregistrées dans resultats_top3.json
[2025-06-01 12:43:57] ✅ SUCCÈS 📈 Historique mis à jour dans historique_cycles.csv
[2025-06-01 12:43:57] ℹ️ INFO 📄 Résumé du cycle :
[2025-06-01 12:43:57] ℹ️ INFO - Pools analysées : 4
[2025-06-01 12:43:57] ℹ️ INFO - Pools sélectionnées : 3
[2025-06-01 12:43:57] ℹ️ INFO - Meilleure pool : spectra-v2 | STUSD | Score 108927.58
[2025-06-01 12:43:57] ℹ️ INFO - Durée du cycle : 0.04 secondes
[2025-06-01 12:43:57] ℹ️ INFO ✅ Fin du cycle d’analyse DeFiPilot.
[2025-06-01 12:46:56] ✅ SUCCÈS Fichier de configuration chargé avec succès.
[2025-06-01 12:46:56] ℹ️ INFO 🔁 Démarrage d’un nouveau cycle d’analyse DeFiPilot
[2025-06-01 12:46:56] ℹ️ INFO 🏗 Profil actif : modéré (APR 0.3, TVL 0.7)
[2025-06-01 12:46:56] ℹ️ INFO 🧪 Mode Dryrun : récupération des pools via DefiLlama
[2025-06-01 12:46:56] ✅ SUCCÈS 4 pools récupérées avec succès.
[2025-06-01 12:46:56] ℹ️ INFO 🛑 0 pool(s) ignorée(s) car blacklistée(s).
[2025-06-01 12:46:56] ℹ️ INFO 🧹 Après filtres TVL ≥ 10000 et APR ≥ 10 : 3 pool(s) restante(s)
[2025-06-01 12:46:56] ℹ️ INFO 📊 Calcul des scores (profil pondéré) :
[2025-06-01 12:46:56] ✅ SUCCÈS TOP 1 : spectra-v2 | STUSD | TVL $132,448.0 | APR 54046.60% | Score 108927.58
[2025-06-01 12:46:56] ℹ️ INFO 💰 Simulation d’investissement dans la pool suivante :
[2025-06-01 12:46:56] ℹ️ INFO     ➤ Plateforme : spectra-v2
[2025-06-01 12:46:56] ℹ️ INFO     ➤ Nom         : STUSD
[2025-06-01 12:46:56] ℹ️ INFO     ➤ TVL         : $132,448.00
[2025-06-01 12:46:56] ℹ️ INFO     ➤ APR         : 54046.60%
[2025-06-01 12:46:56] ℹ️ INFO     ➤ Score       : 108927.58
[2025-06-01 12:46:56] ✅ SUCCÈS TOP 2 : beefy | NOICE-WETH | TVL $30,528.0 | APR 138013.21% | Score 62773.56
[2025-06-01 12:46:56] ℹ️ INFO 💰 Simulation d’investissement dans la pool suivante :
[2025-06-01 12:46:56] ℹ️ INFO     ➤ Plateforme : beefy
[2025-06-01 12:46:56] ℹ️ INFO     ➤ Nom         : NOICE-WETH
[2025-06-01 12:46:56] ℹ️ INFO     ➤ TVL         : $30,528.00
[2025-06-01 12:46:56] ℹ️ INFO     ➤ APR         : 138013.21%
[2025-06-01 12:46:56] ℹ️ INFO     ➤ Score       : 62773.56
[2025-06-01 12:46:56] ✅ SUCCÈS TOP 3 : berapaw | BULLISHV2 | TVL $28,784.0 | APR 28862.79% | Score 28807.64
[2025-06-01 12:46:56] ℹ️ INFO 💰 Simulation d’investissement dans la pool suivante :
[2025-06-01 12:46:56] ℹ️ INFO     ➤ Plateforme : berapaw
[2025-06-01 12:46:56] ℹ️ INFO     ➤ Nom         : BULLISHV2
[2025-06-01 12:46:56] ℹ️ INFO     ➤ TVL         : $28,784.00
[2025-06-01 12:46:56] ℹ️ INFO     ➤ APR         : 28862.79%
[2025-06-01 12:46:56] ℹ️ INFO     ➤ Score       : 28807.64
[2025-06-01 12:46:56] ✅ SUCCÈS 💾 Données TOP 3 enregistrées dans resultats_top3.json
[2025-06-01 12:46:56] ✅ SUCCÈS 📈 Historique mis à jour dans historique_cycles.csv
[2025-06-01 12:46:56] ℹ️ INFO 📄 Résumé du cycle :
[2025-06-01 12:46:56] ℹ️ INFO - Pools analysées : 4
[2025-06-01 12:46:56] ℹ️ INFO - Pools sélectionnées : 3
[2025-06-01 12:46:56] ℹ️ INFO - Meilleure pool : spectra-v2 | STUSD | Score 108927.58
[2025-06-01 12:46:56] ℹ️ INFO - Durée du cycle : 0.06 secondes
[2025-06-01 12:46:56] ℹ️ INFO ✅ Fin du cycle d’analyse DeFiPilot.
