[17:34:41] 🧪 Mode simulation activé
[17:34:41] 🚀 Cycle #1 lancé.
[17:34:41] 💧 3 pools détectées.
[17:34:55] 🧪 Mode dryrun : 2 cycles
[17:35:11] 🚀 Cycle #2 lancé.
[17:35:11] 💧 3 pools détectées.
[17:35:11] ✅ Dryrun terminé après 2 cycles.
[17:37:10] 🧪 Mode simulation activé
[17:37:10] 🚀 Cycle #1 lancé.
[17:37:10] 💧 3 pools détectées.
[17:37:16] 🧪 Mode dryrun : 5 cycles
[17:37:40] 🚀 Cycle #2 lancé.
[17:37:40] 💧 3 pools détectées.
[17:38:13] 🧪 Mode simulation activé
[17:38:13] 🚀 Cycle #1 lancé.
[17:38:13] 💧 3 pools détectées.
[17:38:21] 🧪 Mode dryrun : 5 cycles
[17:38:43] 🚀 Cycle #2 lancé.
[17:38:43] 💧 3 pools détectées.
[17:39:13] 🚀 Cycle #3 lancé.
[17:39:13] 💧 3 pools détectées.
[17:39:43] 🚀 Cycle #4 lancé.
[17:39:43] 💧 3 pools détectées.
[17:40:13] 🚀 Cycle #5 lancé.
[17:40:13] 💧 3 pools détectées.
[17:40:13] ✅ Dryrun terminé après 5 cycles.
[17:49:01] 🧪 Mode simulation activé
[17:49:01] 🚀 Cycle #1 lancé.
[17:49:01] 💧 3 pools détectées.
[17:49:19] 🧪 Mode dryrun : 2 cycles
[17:49:31] 🚀 Cycle #2 lancé.
[17:49:31] 💧 3 pools détectées.
[17:49:31] ✅ Dryrun terminé après 2 cycles.
[17:49:44] 🧪 Mode simulation activé
[17:49:44] 🚀 Cycle #1 lancé.
[17:49:44] 💧 3 pools détectées.
[17:49:51] 🧪 Mode dryrun : 2 cycles
[17:50:14] 🚀 Cycle #2 lancé.
[17:50:14] 💧 3 pools détectées.
[17:50:14] ✅ Dryrun terminé après 2 cycles.
[17:58:15] 🧪 Mode simulation activé
[17:58:15] 🚀 Cycle #1 lancé.
[17:58:15] 💧 3 pools détectées.
[17:58:19] 🧪 Mode dryrun : 2 cycles
[17:58:46] 🚀 Cycle #2 lancé.
[17:58:46] 💧 3 pools détectées.
[17:58:46] ✅ Dryrun terminé après 2 cycles.
[18:03:30] 🧪 Mode simulation activé
[18:03:30] 🚀 Cycle #1 lancé.
[18:03:30] 💧 3 pools détectées.
[18:03:36] 🧪 Mode dryrun : 2 cycles
[18:04:00] 🚀 Cycle #2 lancé.
[18:04:00] 💧 3 pools détectées.
[18:04:00] ✅ Dryrun terminé après 2 cycles.
[18:08:28] 🧪 Mode simulation activé
[18:08:28] 🚀 Cycle #1 lancé.
[18:08:28] 💧 3 pools détectées.
[18:08:38] 🧪 Mode dryrun : 2 cycles
[18:08:58] 🚀 Cycle #2 lancé.
[18:08:58] 💧 3 pools détectées.
[18:08:58] ✅ Dryrun terminé après 2 cycles.
[18:08:58] 🛑 Arrêt manuel demandé.
[18:12:04] 🧪 Mode simulation activé
[18:12:04] 🚀 Cycle #1 lancé.
[18:12:04] 💧 3 pools détectées.
[18:12:13] 🧪 Mode dryrun : 2 cycles
[18:12:34] 🚀 Cycle #2 lancé.
[18:12:34] 💧 3 pools détectées.
[18:12:34] ✅ Dryrun terminé après 2 cycles.
[18:12:34] 🛑 Arrêt manuel demandé.
[18:15:21] 🧪 Mode simulation activé
[18:15:21] 🚀 Cycle #1 lancé.
[18:15:21] 💧 3 pools détectées.
[18:15:42] 🧪 Mode dryrun : 2 cycles
[18:15:51] 🚀 Cycle #2 lancé.
[18:15:51] 💧 3 pools détectées.
[18:15:51] ✅ Dryrun terminé après 2 cycles.
[18:15:51] 🛑 Arrêt manuel demandé.
[18:16:14] 🧪 Mode simulation activé
[18:16:14] 🚀 Cycle #1 lancé.
[18:16:14] 💧 3 pools détectées.
[18:16:44] 🚀 Cycle #2 lancé.
[18:16:44] 💧 3 pools détectées.
[18:17:14] 🚀 Cycle #3 lancé.
[18:17:14] 💧 3 pools détectées.
[18:17:14] 🛑 Arrêt manuel demandé.
[18:19:05] 🧪 Mode simulation activé
[18:19:05] 🚀 Cycle #1 lancé.
[18:19:05] 💧 3 pools détectées.
[18:19:47] 🧪 Mode simulation activé
[18:19:47] 🚀 Cycle #1 lancé.
[18:19:47] 💧 3 pools détectées.
[18:20:34] 🧪 Mode simulation activé
[18:20:34] 🚀 Cycle #1 lancé.
[18:20:34] 💧 3 pools détectées.
[18:21:04] 🚀 Cycle #2 lancé.
[18:21:04] 💧 3 pools détectées.
[18:21:34] 🚀 Cycle #3 lancé.
[18:21:34] 💧 3 pools détectées.
[18:22:04] 🚀 Cycle #4 lancé.
[18:22:04] 💧 3 pools détectées.
[18:22:34] 🚀 Cycle #5 lancé.
[18:22:34] 💧 3 pools détectées.
[18:23:04] 🚀 Cycle #6 lancé.
[18:23:04] 💧 3 pools détectées.
[18:23:34] 🚀 Cycle #7 lancé.
[18:23:34] 💧 3 pools détectées.
[18:24:04] 🚀 Cycle #8 lancé.
[18:24:04] 💧 3 pools détectées.
[18:24:34] 🚀 Cycle #9 lancé.
[18:24:34] 💧 3 pools détectées.
[18:25:04] 🚀 Cycle #10 lancé.
[18:25:04] 💧 3 pools détectées.
[18:25:47] 🧪 Mode simulation activé
[18:25:47] 🚀 Cycle #1 lancé.
[18:25:47] 💧 3 pools détectées.
[18:26:17] 🚀 Cycle #2 lancé.
[18:26:17] 💧 3 pools détectées.
[18:26:47] 🚀 Cycle #3 lancé.
[18:26:47] 💧 3 pools détectées.
[18:27:17] 🚀 Cycle #4 lancé.
[18:27:17] 💧 3 pools détectées.
[18:27:47] 🚀 Cycle #5 lancé.
[18:27:47] 💧 3 pools détectées.
[18:28:17] 🚀 Cycle #6 lancé.
[18:28:17] 💧 3 pools détectées.
[18:28:47] 🚀 Cycle #7 lancé.
[18:28:47] 💧 3 pools détectées.
[18:29:17] 🚀 Cycle #8 lancé.
[18:29:17] 💧 3 pools détectées.
[18:29:47] 🚀 Cycle #9 lancé.
[18:29:47] 💧 3 pools détectées.
[18:30:17] 🚀 Cycle #10 lancé.
[18:30:17] 💧 3 pools détectées.
[18:30:47] 🚀 Cycle #11 lancé.
[18:30:47] 💧 3 pools détectées.
[18:31:17] 🚀 Cycle #12 lancé.
[18:31:17] 💧 3 pools détectées.
[18:31:47] 🚀 Cycle #13 lancé.
[18:31:47] 💧 3 pools détectées.
