[00:09:30] 🚀 Cycle #2636 lancé.
[00:09:30] 💧 3 pools détectées.
[00:09:30] 🏆 Pool sélectionnée : USDC/ETH (Score : 0.95)
[00:19:30] 🚀 Cycle #2637 lancé.
[00:19:30] 💧 3 pools détectées.
[00:19:30] 🏆 Pool sélectionnée : USDC/ETH (Score : 0.95)
[00:29:30] 🚀 Cycle #2638 lancé.
[00:29:30] 💧 3 pools détectées.
[00:29:30] 🏆 Pool sélectionnée : USDC/ETH (Score : 0.95)
[00:39:30] 🚀 Cycle #2639 lancé.
[00:39:30] 💧 3 pools détectées.
[00:39:30] 🏆 Pool sélectionnée : USDC/ETH (Score : 0.95)
[00:49:30] 🚀 Cycle #2640 lancé.
[00:49:30] 💧 3 pools détectées.
[00:49:30] 🏆 Pool sélectionnée : USDC/ETH (Score : 0.95)
[00:59:30] 🚀 Cycle #2641 lancé.
[00:59:30] 💧 3 pools détectées.
[00:59:30] 🏆 Pool sélectionnée : USDC/ETH (Score : 0.95)
[01:09:30] 🚀 Cycle #2642 lancé.
[01:09:30] 💧 3 pools détectées.
[01:09:30] 🏆 Pool sélectionnée : USDC/ETH (Score : 0.95)
[01:19:30] 🚀 Cycle #2643 lancé.
[01:19:30] 💧 3 pools détectées.
[01:19:30] 🏆 Pool sélectionnée : USDC/ETH (Score : 0.95)
[01:29:30] 🚀 Cycle #2644 lancé.
[01:29:30] 💧 3 pools détectées.
[01:29:30] 🏆 Pool sélectionnée : USDC/ETH (Score : 0.95)
[01:39:30] 🚀 Cycle #2645 lancé.
[01:39:30] 💧 3 pools détectées.
[01:39:30] 🏆 Pool sélectionnée : USDC/ETH (Score : 0.95)
[01:49:30] 🚀 Cycle #2646 lancé.
[01:49:30] 💧 3 pools détectées.
[01:49:30] 🏆 Pool sélectionnée : USDC/ETH (Score : 0.95)
[01:59:30] 🚀 Cycle #2647 lancé.
[01:59:30] 💧 3 pools détectées.
[01:59:30] 🏆 Pool sélectionnée : USDC/ETH (Score : 0.95)
[02:09:30] 🚀 Cycle #2648 lancé.
[02:09:30] 💧 3 pools détectées.
[02:09:30] 🏆 Pool sélectionnée : USDC/ETH (Score : 0.95)
[02:19:30] 🚀 Cycle #2649 lancé.
[02:19:30] 💧 3 pools détectées.
[02:19:30] 🏆 Pool sélectionnée : USDC/ETH (Score : 0.95)
[02:29:32] 🚀 Cycle #2650 lancé.
[02:29:32] 💧 3 pools détectées.
[02:29:32] 🏆 Pool sélectionnée : USDC/ETH (Score : 0.95)
[02:39:32] 🚀 Cycle #2651 lancé.
[02:39:32] 💧 3 pools détectées.
[02:39:32] 🏆 Pool sélectionnée : USDC/ETH (Score : 0.95)
[02:49:32] 🚀 Cycle #2652 lancé.
[02:49:32] 💧 3 pools détectées.
[02:49:32] 🏆 Pool sélectionnée : USDC/ETH (Score : 0.95)
[02:59:32] 🚀 Cycle #2653 lancé.
[02:59:32] 💧 3 pools détectées.
[02:59:32] 🏆 Pool sélectionnée : USDC/ETH (Score : 0.95)
[03:09:32] 🚀 Cycle #2654 lancé.
[03:09:32] 💧 3 pools détectées.
[03:09:32] 🏆 Pool sélectionnée : USDC/ETH (Score : 0.95)
[03:19:32] 🚀 Cycle #2655 lancé.
[03:19:32] 💧 3 pools détectées.
[03:19:32] 🏆 Pool sélectionnée : USDC/ETH (Score : 0.95)
[03:29:32] 🚀 Cycle #2656 lancé.
[03:29:32] 💧 3 pools détectées.
[03:29:32] 🏆 Pool sélectionnée : USDC/ETH (Score : 0.95)
[03:39:32] 🚀 Cycle #2657 lancé.
[03:39:32] 💧 3 pools détectées.
[03:39:32] 🏆 Pool sélectionnée : USDC/ETH (Score : 0.95)
[03:49:32] 🚀 Cycle #2658 lancé.
[03:49:32] 💧 3 pools détectées.
[03:49:32] 🏆 Pool sélectionnée : USDC/ETH (Score : 0.95)
[03:59:32] 🚀 Cycle #2659 lancé.
[03:59:32] 💧 3 pools détectées.
[03:59:32] 🏆 Pool sélectionnée : USDC/ETH (Score : 0.95)
[04:09:32] 🚀 Cycle #2660 lancé.
[04:09:32] 💧 3 pools détectées.
[04:09:32] 🏆 Pool sélectionnée : USDC/ETH (Score : 0.95)
[04:19:32] 🚀 Cycle #2661 lancé.
[04:19:32] 💧 3 pools détectées.
[04:19:32] 🏆 Pool sélectionnée : USDC/ETH (Score : 0.95)
[04:29:32] 🚀 Cycle #2662 lancé.
[04:29:32] 💧 3 pools détectées.
[04:29:32] 🏆 Pool sélectionnée : USDC/ETH (Score : 0.95)
[04:39:32] 🚀 Cycle #2663 lancé.
[04:39:32] 💧 3 pools détectées.
[04:39:32] 🏆 Pool sélectionnée : USDC/ETH (Score : 0.95)
[04:49:32] 🚀 Cycle #2664 lancé.
[04:49:32] 💧 3 pools détectées.
[04:49:32] 🏆 Pool sélectionnée : USDC/ETH (Score : 0.95)
[04:59:32] 🚀 Cycle #2665 lancé.
[04:59:32] 💧 3 pools détectées.
[04:59:32] 🏆 Pool sélectionnée : USDC/ETH (Score : 0.95)
[05:09:33] 🚀 Cycle #2666 lancé.
[05:09:33] 💧 3 pools détectées.
[05:09:33] 🏆 Pool sélectionnée : USDC/ETH (Score : 0.95)
[05:19:33] 🚀 Cycle #2667 lancé.
[05:19:33] 💧 3 pools détectées.
[05:19:33] 🏆 Pool sélectionnée : USDC/ETH (Score : 0.95)
[05:29:33] 🚀 Cycle #2668 lancé.
[05:29:33] 💧 3 pools détectées.
[05:29:33] 🏆 Pool sélectionnée : USDC/ETH (Score : 0.95)
[05:39:33] 🚀 Cycle #2669 lancé.
[05:39:33] 💧 3 pools détectées.
[05:39:33] 🏆 Pool sélectionnée : USDC/ETH (Score : 0.95)
[05:49:33] 🚀 Cycle #2670 lancé.
[05:49:33] 💧 3 pools détectées.
[05:49:33] 🏆 Pool sélectionnée : USDC/ETH (Score : 0.95)
[05:59:33] 🚀 Cycle #2671 lancé.
[05:59:33] 💧 3 pools détectées.
[05:59:33] 🏆 Pool sélectionnée : USDC/ETH (Score : 0.95)
[06:09:33] 🚀 Cycle #2672 lancé.
[06:09:33] 💧 3 pools détectées.
[06:09:33] 🏆 Pool sélectionnée : USDC/ETH (Score : 0.95)
[06:19:33] 🚀 Cycle #2673 lancé.
[06:19:33] 💧 3 pools détectées.
[06:19:33] 🏆 Pool sélectionnée : USDC/ETH (Score : 0.95)
[06:29:33] 🚀 Cycle #2674 lancé.
[06:29:33] 💧 3 pools détectées.
[06:29:33] 🏆 Pool sélectionnée : USDC/ETH (Score : 0.95)
[06:39:33] 🚀 Cycle #2675 lancé.
[06:39:33] 💧 3 pools détectées.
[06:39:33] 🏆 Pool sélectionnée : USDC/ETH (Score : 0.95)
[06:49:33] 🚀 Cycle #2676 lancé.
[06:49:33] 💧 3 pools détectées.
[06:49:33] 🏆 Pool sélectionnée : USDC/ETH (Score : 0.95)
[06:59:33] 🚀 Cycle #2677 lancé.
[06:59:33] 💧 3 pools détectées.
[06:59:33] 🏆 Pool sélectionnée : USDC/ETH (Score : 0.95)
[07:09:33] 🚀 Cycle #2678 lancé.
[07:09:33] 💧 3 pools détectées.
[07:09:33] 🏆 Pool sélectionnée : USDC/ETH (Score : 0.95)
[07:19:33] 🚀 Cycle #2679 lancé.
[07:19:33] 💧 3 pools détectées.
[07:19:33] 🏆 Pool sélectionnée : USDC/ETH (Score : 0.95)
[07:29:33] 🚀 Cycle #2680 lancé.
[07:29:33] 💧 3 pools détectées.
[07:29:33] 🏆 Pool sélectionnée : USDC/ETH (Score : 0.95)
[07:39:33] 🚀 Cycle #2681 lancé.
[07:39:33] 💧 3 pools détectées.
[07:39:33] 🏆 Pool sélectionnée : USDC/ETH (Score : 0.95)
[07:49:33] 🚀 Cycle #2682 lancé.
[07:49:33] 💧 3 pools détectées.
[07:49:33] 🏆 Pool sélectionnée : USDC/ETH (Score : 0.95)
[07:59:33] 🚀 Cycle #2683 lancé.
[07:59:33] 💧 3 pools détectées.
[07:59:33] 🏆 Pool sélectionnée : USDC/ETH (Score : 0.95)
[08:09:33] 🚀 Cycle #2684 lancé.
[08:09:33] 💧 3 pools détectées.
[08:09:33] 🏆 Pool sélectionnée : USDC/ETH (Score : 0.95)
[08:19:33] 🚀 Cycle #2685 lancé.
[08:19:33] 💧 3 pools détectées.
[08:19:33] 🏆 Pool sélectionnée : USDC/ETH (Score : 0.95)
[08:29:33] 🚀 Cycle #2686 lancé.
[08:29:33] 💧 3 pools détectées.
[08:29:33] 🏆 Pool sélectionnée : USDC/ETH (Score : 0.95)
[08:39:33] 🚀 Cycle #2687 lancé.
[08:39:33] 💧 3 pools détectées.
[08:39:33] 🏆 Pool sélectionnée : USDC/ETH (Score : 0.95)
[08:49:33] 🚀 Cycle #2688 lancé.
[08:49:33] 💧 3 pools détectées.
[08:49:33] 🏆 Pool sélectionnée : USDC/ETH (Score : 0.95)
[08:59:33] 🚀 Cycle #2689 lancé.
[08:59:33] 💧 3 pools détectées.
[08:59:33] 🏆 Pool sélectionnée : USDC/ETH (Score : 0.95)
[09:09:33] 🚀 Cycle #2690 lancé.
[09:09:33] 💧 3 pools détectées.
[09:09:33] 🏆 Pool sélectionnée : USDC/ETH (Score : 0.95)
[09:19:33] 🚀 Cycle #2691 lancé.
[09:19:33] 💧 3 pools détectées.
[09:19:33] 🏆 Pool sélectionnée : USDC/ETH (Score : 0.95)
[09:29:33] 🚀 Cycle #2692 lancé.
[09:29:33] 💧 3 pools détectées.
[09:29:33] 🏆 Pool sélectionnée : USDC/ETH (Score : 0.95)
[09:39:33] 🚀 Cycle #2693 lancé.
[09:39:33] 💧 3 pools détectées.
[09:39:33] 🏆 Pool sélectionnée : USDC/ETH (Score : 0.95)
[09:49:33] 🚀 Cycle #2694 lancé.
[09:49:33] 💧 3 pools détectées.
[09:49:33] 🏆 Pool sélectionnée : USDC/ETH (Score : 0.95)
[09:59:34] 🚀 Cycle #2695 lancé.
[09:59:34] 💧 3 pools détectées.
[09:59:34] 🏆 Pool sélectionnée : USDC/ETH (Score : 0.95)
[10:09:34] 🚀 Cycle #2696 lancé.
[10:09:34] 💧 3 pools détectées.
[10:09:34] 🏆 Pool sélectionnée : USDC/ETH (Score : 0.95)
[10:19:34] 🚀 Cycle #2697 lancé.
[10:19:34] 💧 3 pools détectées.
[10:19:34] 🏆 Pool sélectionnée : USDC/ETH (Score : 0.95)
[10:29:34] 🚀 Cycle #2698 lancé.
[10:29:34] 💧 3 pools détectées.
[10:29:34] 🏆 Pool sélectionnée : USDC/ETH (Score : 0.95)
[10:39:34] 🚀 Cycle #2699 lancé.
[10:39:34] 💧 3 pools détectées.
[10:39:34] 🏆 Pool sélectionnée : USDC/ETH (Score : 0.95)
[10:49:34] 🚀 Cycle #2700 lancé.
[10:49:34] 💧 3 pools détectées.
[10:49:34] 🏆 Pool sélectionnée : USDC/ETH (Score : 0.95)
[10:59:34] 🚀 Cycle #2701 lancé.
[10:59:34] 💧 3 pools détectées.
[10:59:34] 🏆 Pool sélectionnée : USDC/ETH (Score : 0.95)
[11:09:34] 🚀 Cycle #2702 lancé.
[11:09:34] 💧 3 pools détectées.
[11:09:34] 🏆 Pool sélectionnée : USDC/ETH (Score : 0.95)
[11:19:34] 🚀 Cycle #2703 lancé.
[11:19:34] 💧 3 pools détectées.
[11:19:34] 🏆 Pool sélectionnée : USDC/ETH (Score : 0.95)
[11:29:34] 🚀 Cycle #2704 lancé.
[11:29:34] 💧 3 pools détectées.
[11:29:34] 🏆 Pool sélectionnée : USDC/ETH (Score : 0.95)
[11:39:36] 🚀 Cycle #2705 lancé.
[11:39:36] 💧 3 pools détectées.
[11:39:36] 🏆 Pool sélectionnée : USDC/ETH (Score : 0.95)
[11:49:36] 🚀 Cycle #2706 lancé.
[11:49:36] 💧 3 pools détectées.
[11:49:36] 🏆 Pool sélectionnée : USDC/ETH (Score : 0.95)
[11:59:36] 🚀 Cycle #2707 lancé.
[11:59:36] 💧 3 pools détectées.
[11:59:36] 🏆 Pool sélectionnée : USDC/ETH (Score : 0.95)
[12:09:36] 🚀 Cycle #2708 lancé.
[12:09:36] 💧 3 pools détectées.
[12:09:36] 🏆 Pool sélectionnée : USDC/ETH (Score : 0.95)
[12:19:36] 🚀 Cycle #2709 lancé.
[12:19:36] 💧 3 pools détectées.
[12:19:36] 🏆 Pool sélectionnée : USDC/ETH (Score : 0.95)
[12:29:36] 🚀 Cycle #2710 lancé.
[12:29:36] 💧 3 pools détectées.
[12:29:36] 🏆 Pool sélectionnée : USDC/ETH (Score : 0.95)
[12:39:36] 🚀 Cycle #2711 lancé.
[12:39:36] 💧 3 pools détectées.
[12:39:36] 🏆 Pool sélectionnée : USDC/ETH (Score : 0.95)
[12:49:36] 🚀 Cycle #2712 lancé.
[12:49:36] 💧 3 pools détectées.
[12:49:36] 🏆 Pool sélectionnée : USDC/ETH (Score : 0.95)
[12:59:36] 🚀 Cycle #2713 lancé.
[12:59:36] 💧 3 pools détectées.
[12:59:36] 🏆 Pool sélectionnée : USDC/ETH (Score : 0.95)
[13:09:36] 🚀 Cycle #2714 lancé.
[13:09:36] 💧 3 pools détectées.
[13:09:36] 🏆 Pool sélectionnée : USDC/ETH (Score : 0.95)
[13:19:36] 🚀 Cycle #2715 lancé.
[13:19:36] 💧 3 pools détectées.
[13:19:36] 🏆 Pool sélectionnée : USDC/ETH (Score : 0.95)
[13:29:36] 🚀 Cycle #2716 lancé.
[13:29:36] 💧 3 pools détectées.
[13:29:36] 🏆 Pool sélectionnée : USDC/ETH (Score : 0.95)
[13:39:36] 🚀 Cycle #2717 lancé.
[13:39:36] 💧 3 pools détectées.
[13:39:36] 🏆 Pool sélectionnée : USDC/ETH (Score : 0.95)
[13:49:36] 🚀 Cycle #2718 lancé.
[13:49:36] 💧 3 pools détectées.
[13:49:36] 🏆 Pool sélectionnée : USDC/ETH (Score : 0.95)
[13:59:36] 🚀 Cycle #2719 lancé.
[13:59:36] 💧 3 pools détectées.
[13:59:36] 🏆 Pool sélectionnée : USDC/ETH (Score : 0.95)
[14:09:36] 🚀 Cycle #2720 lancé.
[14:09:36] 💧 3 pools détectées.
[14:09:36] 🏆 Pool sélectionnée : USDC/ETH (Score : 0.95)
[14:19:36] 🚀 Cycle #2721 lancé.
[14:19:36] 💧 3 pools détectées.
[14:19:36] 🏆 Pool sélectionnée : USDC/ETH (Score : 0.95)
[14:29:36] 🚀 Cycle #2722 lancé.
[14:29:36] 💧 3 pools détectées.
[14:29:36] 🏆 Pool sélectionnée : USDC/ETH (Score : 0.95)
[14:39:36] 🚀 Cycle #2723 lancé.
[14:39:36] 💧 3 pools détectées.
[14:39:36] 🏆 Pool sélectionnée : USDC/ETH (Score : 0.95)
[14:49:36] 🚀 Cycle #2724 lancé.
[14:49:36] 💧 3 pools détectées.
[14:49:36] 🏆 Pool sélectionnée : USDC/ETH (Score : 0.95)
[14:59:36] 🚀 Cycle #2725 lancé.
[14:59:36] 💧 3 pools détectées.
[14:59:36] 🏆 Pool sélectionnée : USDC/ETH (Score : 0.95)
[15:09:36] 🚀 Cycle #2726 lancé.
[15:09:36] 💧 3 pools détectées.
[15:09:36] 🏆 Pool sélectionnée : USDC/ETH (Score : 0.95)
[15:19:36] 🚀 Cycle #2727 lancé.
[15:19:36] 💧 3 pools détectées.
[15:19:36] 🏆 Pool sélectionnée : USDC/ETH (Score : 0.95)
[15:29:36] 🚀 Cycle #2728 lancé.
[15:29:36] 💧 3 pools détectées.
[15:29:36] 🏆 Pool sélectionnée : USDC/ETH (Score : 0.95)
[15:39:36] 🚀 Cycle #2729 lancé.
[15:39:36] 💧 3 pools détectées.
[15:39:36] 🏆 Pool sélectionnée : USDC/ETH (Score : 0.95)
[15:49:36] 🚀 Cycle #2730 lancé.
[15:49:36] 💧 3 pools détectées.
[15:49:36] 🏆 Pool sélectionnée : USDC/ETH (Score : 0.95)
[15:59:36] 🚀 Cycle #2731 lancé.
[15:59:36] 💧 3 pools détectées.
[15:59:36] 🏆 Pool sélectionnée : USDC/ETH (Score : 0.95)
[16:09:36] 🚀 Cycle #2732 lancé.
[16:09:37] 💧 3 pools détectées.
[16:09:37] 🏆 Pool sélectionnée : USDC/ETH (Score : 0.95)
[16:19:37] 🚀 Cycle #2733 lancé.
[16:19:37] 💧 3 pools détectées.
[16:19:37] 🏆 Pool sélectionnée : USDC/ETH (Score : 0.95)
[16:29:37] 🚀 Cycle #2734 lancé.
[16:29:37] 💧 3 pools détectées.
[16:29:37] 🏆 Pool sélectionnée : USDC/ETH (Score : 0.95)
[16:39:37] 🚀 Cycle #2735 lancé.
[16:39:37] 💧 3 pools détectées.
[16:39:37] 🏆 Pool sélectionnée : USDC/ETH (Score : 0.95)
[16:49:37] 🚀 Cycle #2736 lancé.
[16:49:37] 💧 3 pools détectées.
[16:49:37] 🏆 Pool sélectionnée : USDC/ETH (Score : 0.95)
[16:59:37] 🚀 Cycle #2737 lancé.
[16:59:37] 💧 3 pools détectées.
[16:59:37] 🏆 Pool sélectionnée : USDC/ETH (Score : 0.95)
[17:04:10] 🧪 Mode simulation activé
[17:04:10] 🚀 Cycle #1 lancé.
[17:04:10] 💧 3 pools détectées.
[17:04:10] 🏆 Pool sélectionnée : USDC/ETH (Score : 0.95)
[17:04:27] 🧪 Mode dryrun : 2 cycles
[17:09:37] 🚀 Cycle #2738 lancé.
[17:09:37] 💧 3 pools détectées.
[17:09:37] 🏆 Pool sélectionnée : USDC/ETH (Score : 0.95)
[17:14:10] 🚀 Cycle #2 lancé.
[17:14:10] 💧 3 pools détectées.
[17:14:10] 🏆 Pool sélectionnée : USDC/ETH (Score : 0.95)
[17:14:10] ✅ Dryrun terminé après 2 cycles.
[17:19:37] 🚀 Cycle #2739 lancé.
[17:19:37] 💧 3 pools détectées.
[17:19:37] 🏆 Pool sélectionnée : USDC/ETH (Score : 0.95)
[17:19:37] 🛑 Arrêt manuel demandé.
