[2025-06-05 18:22:06] ✅ SUCCÈS Fichier de configuration chargé avec succès.
[2025-06-05 18:22:06] ℹ️ INFO 🔁 Démarrage d’un nouveau cycle d’analyse DeFiPilot
[2025-06-05 18:22:06] ℹ️ INFO 🏗 Profil actif : modéré (APR 0.3, TVL 0.7)
[2025-06-05 18:22:06] ℹ️ INFO 🧪 Mode Dryrun : récupération des pools via DefiLlama
[2025-06-05 18:22:06] ✅ SUCCÈS 4 pools récupérées avec succès.
[2025-06-05 18:22:06] ℹ️ INFO 🛑 0 pool(s) ignorée(s) car blacklistée(s).
[2025-06-05 18:22:06] ℹ️ INFO 🧹 Après filtres TVL ≥ 1000 et APR ≥ 1.0 : 3 pool(s) restante(s)
[2025-06-05 18:22:06] ℹ️ INFO 📊 Calcul des scores (profil pondéré) :
[2025-06-05 18:22:06] ✅ SUCCÈS TOP 1 : spectra-v2 | STUSD | TVL $132,448.0 | APR 54046.60% | Score 108927.58
[2025-06-05 18:22:06] ℹ️ INFO 💰 Simulation d’investissement dans la pool suivante :
[2025-06-05 18:22:06] ℹ️ INFO     ➤ Plateforme : spectra-v2
[2025-06-05 18:22:06] ℹ️ INFO     ➤ Nom         : STUSD
[2025-06-05 18:22:06] ℹ️ INFO     ➤ TVL         : $132,448.00
[2025-06-05 18:22:06] ℹ️ INFO     ➤ APR         : 54046.60%
[2025-06-05 18:22:06] ℹ️ INFO     ➤ Score       : 108927.58
[2025-06-05 18:22:06] ✅ SUCCÈS TOP 2 : beefy | NOICE-WETH | TVL $30,528.0 | APR 138013.21% | Score 62773.56
[2025-06-05 18:22:06] ℹ️ INFO 💰 Simulation d’investissement dans la pool suivante :
[2025-06-05 18:22:06] ℹ️ INFO     ➤ Plateforme : beefy
[2025-06-05 18:22:06] ℹ️ INFO     ➤ Nom         : NOICE-WETH
[2025-06-05 18:22:06] ℹ️ INFO     ➤ TVL         : $30,528.00
[2025-06-05 18:22:07] ℹ️ INFO     ➤ APR         : 138013.21%
[2025-06-05 18:22:07] ℹ️ INFO     ➤ Score       : 62773.56
[2025-06-05 18:22:07] ✅ SUCCÈS TOP 3 : berapaw | BULLISHV2 | TVL $28,784.0 | APR 28862.79% | Score 28807.64
[2025-06-05 18:22:07] ℹ️ INFO 💰 Simulation d’investissement dans la pool suivante :
[2025-06-05 18:22:07] ℹ️ INFO     ➤ Plateforme : berapaw
[2025-06-05 18:22:07] ℹ️ INFO     ➤ Nom         : BULLISHV2
[2025-06-05 18:22:07] ℹ️ INFO     ➤ TVL         : $28,784.00
[2025-06-05 18:22:07] ℹ️ INFO     ➤ APR         : 28862.79%
[2025-06-05 18:22:07] ℹ️ INFO     ➤ Score       : 28807.64
[2025-06-05 18:22:07] ℹ️ INFO 💰 Wallet simulé : solde avant = $100.00 | gain estimé = $108.93 | solde après = $208.93
[2025-06-05 18:22:07] ✅ SUCCÈS 💾 Données TOP 3 enregistrées dans resultats_top3.json
[2025-06-05 18:22:07] ✅ SUCCÈS 📈 Historique mis à jour dans historique_cycles.csv
[2025-06-05 18:22:07] ℹ️ INFO 📄 Résumé du cycle :
[2025-06-05 18:22:07] ℹ️ INFO - Pools analysées : 4
[2025-06-05 18:22:07] ℹ️ INFO - Pools sélectionnées : 3
[2025-06-05 18:22:07] ℹ️ INFO - Meilleure pool : spectra-v2 | STUSD | Score 108927.58
[2025-06-05 18:22:07] ℹ️ INFO - Durée du cycle : 0.1 secondes
[2025-06-05 18:22:07] ℹ️ INFO ✅ Fin du cycle d’analyse DeFiPilot.
